// Jest Snapshot v1, https://goo.gl/fbAQLP

exports[`Footer snapshot testing renders correctly 1`] = `
<footer
  className="css-1ezr195"
>
  <a
    className="MuiTypography-root MuiTypography-inherit MuiLink-root MuiLink-underlineNone css-1cmksfb-MuiTypography-root-MuiLink-root"
    href="/2"
    onBlur={[Function]}
    onClick={[Function]}
    onFocus={[Function]}
    onMouseEnter={[Function]}
    onTouchStart={[Function]}
  >
    <button
      className="MuiButtonBase-root MuiButton-root MuiButton-contained MuiButton-containedPrimary MuiButton-sizeMedium MuiButton-containedSizeMedium MuiButton-root MuiButton-contained MuiButton-containedPrimary MuiButton-sizeMedium MuiButton-containedSizeMedium css-qt782h-MuiButtonBase-root-MuiButton-root"
      disabled={false}
      onBlur={[Function]}
      onContextMenu={[Function]}
      onDragLeave={[Function]}
      onFocus={[Function]}
      onKeyDown={[Function]}
      onKeyUp={[Function]}
      onMouseDown={[Function]}
      onMouseLeave={[Function]}
      onMouseUp={[Function]}
      onTouchEnd={[Function]}
      onTouchMove={[Function]}
      onTouchStart={[Function]}
      tabIndex={0}
      type="button"
    >
      Next Page
    </button>
  </a>
</footer>
`;
