// Jest Snapshot v1, https://goo.gl/fbAQLP

exports[`Header snapshot testing renders correctly 1`] = `
<div
  className="css-1e0kmke"
>
  <span
    className="css-1nedsoq"
  >
    Rick and Morty 
  </span>
  <button
    aria-label="dark-light-icon"
    className="MuiButtonBase-root MuiIconButton-root MuiIconButton-sizeMedium css-78trlr-MuiButtonBase-root-MuiIconButton-root"
    disabled={false}
    onBlur={[Function]}
    onClick={[Function]}
    onContextMenu={[Function]}
    onDragLeave={[Function]}
    onFocus={[Function]}
    onKeyDown={[Function]}
    onKeyUp={[Function]}
    onMouseDown={[Function]}
    onMouseLeave={[Function]}
    onMouseUp={[Function]}
    onTouchEnd={[Function]}
    onTouchMove={[Function]}
    onTouchStart={[Function]}
    tabIndex={0}
    type="button"
  >
    <svg
      aria-hidden={true}
      className="MuiSvgIcon-root MuiSvgIcon-fontSizeMedium css-9sdrmz-MuiSvgIcon-root"
      data-testid="BedtimeIcon"
      focusable="false"
      viewBox="0 0 24 24"
    >
      <path
        d="M12.34 2.02C6.59 1.82 2 6.42 2 12c0 5.52 4.48 10 10 10 3.71 0 6.93-2.02 8.66-5.02-7.51-.25-12.09-8.43-8.32-14.96z"
      />
    </svg>
  </button>
</div>
`;
